C:\Program Files\Microsoft Visual Studio\18\Community\MSBuild\Microsoft\VC\v180\Microsoft.CppBuild.targets(537,5): warning MSB8004: Output Directory does not end with a trailing slash.  This build instance will add the slash as it is required to allow proper evaluation of the Output Directory.
C:\Program Files\Microsoft Visual Studio\18\Community\MSBuild\Microsoft\VC\v180\Microsoft.CppBuild.targets(551,5): warning MSB8028: The intermediate directory (x64\Release\) contains files shared from another project (registry_editor_static_library.vcxproj).  This can lead to incorrect clean and rebuild behavior.
  registry_editor_service_local.cpp
   *	Registry Editor Library
   *
   *	Copyright (c) 2022 RANDOM ARMESE HITEMIT - REGISTRY EDITOR
   *	All rights reserved.
   ------------------------------------------------------ -
   12 / 20 / 2025 - 11:30 : 54PM
   ------------------------------------------------------ -
   LICENSE
   ====================================================== =
   Copyright(c) 2022 RANDOM ARMESE HITEMIT
   All Rights Reserved
   -- -
   Permission is hereby granted, free of charge, to any person obtaining a copy
   of this software and associated documentation files(the "Software"), to deal
   in the Software without restriction, including without limitation the rights
   to use, copy, modify, merge, publish, distribute, sublicense, and /or sell
   copies of the Software, and to permit persons to whom the Software is
   furnished to do so, subject to the following conditions :
   The above copyright notice and this permission notice shall be included in all
   copies or substantial portions of the Software.
   THE SOFTWARE IS PROVIDED "AS IS", WITHOUT WARRANTY OF ANY KIND, EXPRESS OR
   IMPLIED, INCLUDING BUT NOT LIMITED TO THE WARRANTIES OF MERCHANTABILITY,
   FITNESS FOR A PARTICULAR PURPOSE AND NONINFRINGEMENT.IN NO EVENT SHALL
   AUTHORS OR COPYRIGHT HOLDERS BE LIABLE FOR ANY CLAIM, DAMAGES OR OTHER
   LIABILITY, WHETHER IN AN ACTION OF CONTRACT, TORT OR OTHERWISE, ARISING FROM,
   OUT OF OR IN CONNECTION WITH THE SOFTWARE OR THE USE OR OTHER DEALINGS IN THE
   SOFTWARE.
   -- -
   *	System Library
   *
   *	Copyright (c) 2022 RANDOM ARMESE HITEMIT - System Library
   *	All rights reserved.
   ------------------------------------------------------ -
   12 / 20 / 2025 - 11:30 : 54PM
   ------------------------------------------------------ -
   LICENSE
   ====================================================== =
   Copyright(c) 2022 RANDOM ARMESE HITEMIT
   All Rights Reserved
   -- -
   Permission is hereby granted, free of charge, to any person obtaining a copy
   of this software and associated documentation files(the "Software"), to deal
   in the Software without restriction, including without limitation the rights
   to use, copy, modify, merge, publish, distribute, sublicense, and /or sell
   copies of the Software, and to permit persons to whom the Software is
   furnished to do so, subject to the following conditions :
   The above copyright notice and this permission notice shall be included in all
   copies or substantial portions of the Software.
   THE SOFTWARE IS PROVIDED "AS IS", WITHOUT WARRANTY OF ANY KIND, EXPRESS OR
   IMPLIED, INCLUDING BUT NOT LIMITED TO THE WARRANTIES OF MERCHANTABILITY,
   FITNESS FOR A PARTICULAR PURPOSE AND NONINFRINGEMENT.IN NO EVENT SHALL
   AUTHORS OR COPYRIGHT HOLDERS BE LIABLE FOR ANY CLAIM, DAMAGES OR OTHER
   LIABILITY, WHETHER IN AN ACTION OF CONTRACT, TORT OR OTHERWISE, ARISING FROM,
   OUT OF OR IN CONNECTION WITH THE SOFTWARE OR THE USE OR OTHER DEALINGS IN THE
   SOFTWARE.
   -- -
  Generating code
  Previous IPDB not found, fall back to full compilation.
  All 294 functions were compiled because no usable IPDB/IOBJ from previous compilation was found.
  Finished generating code
  registry_editor_service_local_dynamic_library.vcxproj -> C:\Users\Hell Defenses\Documents\Repository\Registry-Editor\include\registry_editor_service_local.dll
